2026-06-17 17:09:26,805 | [db] WARNING: config.json not found, relying on environment variables.
2026-06-17 17:09:26,806 | [db] INFO: 🔌 PROD MODE: Instantiating MySQL Database...
2026-06-17 17:09:26,806 | [db] INFO: INITIALIZING DATABASE...
2026-06-17 17:09:26,819 | [db] INFO: Connected to MySQL
2026-06-17 17:09:26,820 | [db] INFO: Ensuring MySQL database tables are initialized...
2026-06-17 17:09:26,839 | [db] INFO: MySQL Database is ready.
2026-06-17 17:10:27,186 | [db] WARNING: config.json not found, relying on environment variables.
2026-06-17 17:10:27,186 | [db] INFO: 🔌 PROD MODE: Instantiating MySQL Database...
2026-06-17 17:10:27,187 | [db] INFO: INITIALIZING DATABASE...
2026-06-17 17:10:27,195 | [db] INFO: Connected to MySQL
2026-06-17 17:10:27,195 | [db] INFO: Ensuring MySQL database tables are initialized...
2026-06-17 17:10:27,200 | [db] INFO: MySQL Database is ready.
2026-06-17 17:11:27,546 | [db] WARNING: config.json not found, relying on environment variables.
2026-06-17 17:11:27,547 | [db] INFO: 🔌 PROD MODE: Instantiating MySQL Database...
2026-06-17 17:11:27,547 | [db] INFO: INITIALIZING DATABASE...
2026-06-17 17:11:27,556 | [db] INFO: Connected to MySQL
2026-06-17 17:11:27,556 | [db] INFO: Ensuring MySQL database tables are initialized...
2026-06-17 17:11:27,561 | [db] INFO: MySQL Database is ready.
2026-06-17 17:12:27,904 | [db] WARNING: config.json not found, relying on environment variables.
2026-06-17 17:12:27,904 | [db] INFO: 🔌 PROD MODE: Instantiating MySQL Database...
2026-06-17 17:12:27,904 | [db] INFO: INITIALIZING DATABASE...
2026-06-17 17:12:27,913 | [db] INFO: Connected to MySQL
2026-06-17 17:12:27,914 | [db] INFO: Ensuring MySQL database tables are initialized...
2026-06-17 17:12:27,919 | [db] INFO: MySQL Database is ready.
2026-06-17 17:13:28,301 | [db] WARNING: config.json not found, relying on environment variables.
2026-06-17 17:13:28,302 | [db] INFO: 🔌 PROD MODE: Instantiating MySQL Database...
2026-06-17 17:13:28,302 | [db] INFO: INITIALIZING DATABASE...
2026-06-17 17:13:28,310 | [db] INFO: Connected to MySQL
2026-06-17 17:13:28,311 | [db] INFO: Ensuring MySQL database tables are initialized...
2026-06-17 17:13:28,316 | [db] INFO: MySQL Database is ready.
2026-06-17 17:14:28,669 | [db] WARNING: config.json not found, relying on environment variables.
2026-06-17 17:14:28,669 | [db] INFO: 🔌 PROD MODE: Instantiating MySQL Database...
2026-06-17 17:14:28,669 | [db] INFO: INITIALIZING DATABASE...
2026-06-17 17:14:28,677 | [db] INFO: Connected to MySQL
2026-06-17 17:14:28,678 | [db] INFO: Ensuring MySQL database tables are initialized...
2026-06-17 17:14:28,684 | [db] INFO: MySQL Database is ready.
2026-06-17 17:15:29,012 | [db] WARNING: config.json not found, relying on environment variables.
2026-06-17 17:15:29,012 | [db] INFO: 🔌 PROD MODE: Instantiating MySQL Database...
2026-06-17 17:15:29,012 | [db] INFO: INITIALIZING DATABASE...
2026-06-17 17:15:29,021 | [db] INFO: Connected to MySQL
2026-06-17 17:15:29,021 | [db] INFO: Ensuring MySQL database tables are initialized...
2026-06-17 17:15:29,026 | [db] INFO: MySQL Database is ready.
2026-06-17 17:15:29,269 | [db] WARNING: config.json not found, relying on environment variables.
2026-06-17 17:15:29,270 | [db] INFO: 🔌 PROD MODE: Instantiating MySQL Database...
2026-06-17 17:15:29,270 | [db] INFO: INITIALIZING DATABASE...
2026-06-17 17:15:29,281 | [db] INFO: Connected to MySQL
2026-06-17 17:15:29,282 | [db] INFO: Ensuring MySQL database tables are initialized...
2026-06-17 17:15:29,287 | [db] INFO: MySQL Database is ready.
2026-06-17 17:16:02,946 | [db] WARNING: config.json not found, relying on environment variables.
2026-06-17 17:16:02,946 | [db] INFO: 🔌 PROD MODE: Instantiating MySQL Database...
2026-06-17 17:16:02,946 | [db] INFO: INITIALIZING DATABASE...
2026-06-17 17:16:02,956 | [db] INFO: Connected to MySQL
2026-06-17 17:16:02,956 | [db] INFO: Ensuring MySQL database tables are initialized...
2026-06-17 17:16:02,970 | [db] INFO: MySQL Database is ready.
2026-06-17 17:16:03,241 | [db] WARNING: config.json not found, relying on environment variables.
2026-06-17 17:16:03,242 | [db] INFO: 🔌 PROD MODE: Instantiating MySQL Database...
2026-06-17 17:16:03,242 | [db] INFO: INITIALIZING DATABASE...
2026-06-17 17:16:03,252 | [db] INFO: Connected to MySQL
2026-06-17 17:16:03,252 | [db] INFO: Ensuring MySQL database tables are initialized...
2026-06-17 17:16:03,256 | [db] INFO: MySQL Database is ready.
2026-06-17 17:24:52,138 | [db] INFO: Connected to MySQL
2026-06-17 17:24:57,483 | [db] INFO: Connected to MySQL
2026-06-17 17:31:35,952 | [db] WARNING: config.json not found, relying on environment variables.
2026-06-17 17:31:35,952 | [db] INFO: 🔌 PROD MODE: Instantiating MySQL Database...
2026-06-17 17:31:35,952 | [db] INFO: INITIALIZING DATABASE...
2026-06-17 17:31:35,965 | [db] INFO: Connected to MySQL
2026-06-17 17:31:35,965 | [db] INFO: Ensuring MySQL database tables are initialized...
2026-06-17 17:31:35,970 | [db] INFO: MySQL Database is ready.
2026-06-17 17:46:31,363 | [db] WARNING: config.json not found, relying on environment variables.
2026-06-17 17:46:31,363 | [db] INFO: 🔌 PROD MODE: Instantiating MySQL Database...
2026-06-17 17:46:31,363 | [db] INFO: INITIALIZING DATABASE...
2026-06-17 17:46:31,377 | [db] INFO: Connected to MySQL
2026-06-17 17:46:31,377 | [db] INFO: Ensuring MySQL database tables are initialized...
2026-06-17 17:46:31,398 | [db] INFO: MySQL Database is ready.
2026-06-17 17:46:31,642 | [db] WARNING: config.json not found, relying on environment variables.
2026-06-17 17:46:31,642 | [db] INFO: 🔌 PROD MODE: Instantiating MySQL Database...
2026-06-17 17:46:31,643 | [db] INFO: INITIALIZING DATABASE...
2026-06-17 17:46:31,651 | [db] INFO: Connected to MySQL
2026-06-17 17:46:31,651 | [db] INFO: Ensuring MySQL database tables are initialized...
2026-06-17 17:46:31,656 | [db] INFO: MySQL Database is ready.
2026-06-17 17:46:58,989 | [db] WARNING: config.json not found, relying on environment variables.
2026-06-17 17:46:58,991 | [db] INFO: 🔌 PROD MODE: Instantiating MySQL Database...
2026-06-17 17:46:58,991 | [db] INFO: INITIALIZING DATABASE...
2026-06-17 17:46:59,005 | [db] INFO: Connected to MySQL
2026-06-17 17:46:59,005 | [db] INFO: Ensuring MySQL database tables are initialized...
2026-06-17 17:46:59,012 | [db] INFO: MySQL Database is ready.
2026-06-17 17:47:27,800 | [db] WARNING: config.json not found, relying on environment variables.
2026-06-17 17:47:27,801 | [db] INFO: 🔌 PROD MODE: Instantiating MySQL Database...
2026-06-17 17:47:27,801 | [db] INFO: INITIALIZING DATABASE...
2026-06-17 17:47:27,815 | [db] INFO: Connected to MySQL
2026-06-17 17:47:27,816 | [db] INFO: Ensuring MySQL database tables are initialized...
2026-06-17 17:47:27,822 | [db] INFO: MySQL Database is ready.
2026-06-17 17:47:44,415 | [db] WARNING: config.json not found, relying on environment variables.
2026-06-17 17:47:44,416 | [db] INFO: 🔌 PROD MODE: Instantiating MySQL Database...
2026-06-17 17:47:44,416 | [db] INFO: INITIALIZING DATABASE...
2026-06-17 17:47:44,425 | [db] INFO: Connected to MySQL
2026-06-17 17:47:44,426 | [db] INFO: Ensuring MySQL database tables are initialized...
2026-06-17 17:47:44,431 | [db] INFO: MySQL Database is ready.
2026-06-17 17:48:17,022 | [db] WARNING: config.json not found, relying on environment variables.
2026-06-17 17:48:17,022 | [db] INFO: 🔌 PROD MODE: Instantiating MySQL Database...
2026-06-17 17:48:17,023 | [db] INFO: INITIALIZING DATABASE...
2026-06-17 17:48:17,031 | [db] INFO: Connected to MySQL
2026-06-17 17:48:17,032 | [db] INFO: Ensuring MySQL database tables are initialized...
2026-06-17 17:48:17,037 | [db] INFO: MySQL Database is ready.
2026-06-17 17:48:45,484 | [db] WARNING: config.json not found, relying on environment variables.
2026-06-17 17:48:45,485 | [db] INFO: 🔌 PROD MODE: Instantiating MySQL Database...
2026-06-17 17:48:45,485 | [db] INFO: INITIALIZING DATABASE...
2026-06-17 17:48:45,494 | [db] INFO: Connected to MySQL
2026-06-17 17:48:45,494 | [db] INFO: Ensuring MySQL database tables are initialized...
2026-06-17 17:48:45,499 | [db] INFO: MySQL Database is ready.
2026-06-17 17:50:44,036 | [db] WARNING: config.json not found, relying on environment variables.
2026-06-17 17:50:44,037 | [db] INFO: 🔌 PROD MODE: Instantiating MySQL Database...
2026-06-17 17:50:44,037 | [db] INFO: INITIALIZING DATABASE...
2026-06-17 17:50:44,051 | [db] INFO: Connected to MySQL
2026-06-17 17:50:44,051 | [db] INFO: Ensuring MySQL database tables are initialized...
2026-06-17 17:50:44,057 | [db] INFO: MySQL Database is ready.
2026-06-17 17:50:49,420 | [db] WARNING: config.json not found, relying on environment variables.
2026-06-17 17:50:49,420 | [db] INFO: 🔌 PROD MODE: Instantiating MySQL Database...
2026-06-17 17:50:49,420 | [db] INFO: INITIALIZING DATABASE...
2026-06-17 17:50:49,429 | [db] INFO: Connected to MySQL
2026-06-17 17:50:49,429 | [db] INFO: Ensuring MySQL database tables are initialized...
2026-06-17 17:50:49,435 | [db] INFO: MySQL Database is ready.
